Apache Maven 3.9.12 (848fbb4bf2d427b72bdb2471c22fced7ebd9a7a1)
Maven home: /opt/homebrew/Cellar/maven/3.9.12/libexec
Java version: 25.0.1, vendor: Homebrew, runtime: /opt/homebrew/Cellar/openjdk/25.0.1/libexec/openjdk.jdk/Contents/Home
Default locale: en_GH, platform encoding: UTF-8
OS name: "mac os x", version: "26.2", arch: "aarch64", family: "mac"
[DEBUG] Created new class realm maven.api
[DEBUG] Importing foreign packages into class realm maven.api
[DEBUG]   Imported: javax.annotation.* < plexus.core
[DEBUG]   Imported: javax.annotation.security.* < plexus.core
[DEBUG]   Imported: javax.inject.* < plexus.core
[DEBUG]   Imported: org.apache.maven.* < plexus.core
[DEBUG]   Imported: org.apache.maven.artifact < plexus.core
[DEBUG]   Imported: org.apache.maven.classrealm < plexus.core
[DEBUG]   Imported: org.apache.maven.cli < plexus.core
[DEBUG]   Imported: org.apache.maven.configuration < plexus.core
[DEBUG]   Imported: org.apache.maven.exception < plexus.core
[DEBUG]   Imported: org.apache.maven.execution < plexus.core
[DEBUG]   Imported: org.apache.maven.execution.scope < plexus.core
[DEBUG]   Imported: org.apache.maven.graph < plexus.core
[DEBUG]   Imported: org.apache.maven.lifecycle < plexus.core
[DEBUG]   Imported: org.apache.maven.model < plexus.core
[DEBUG]   Imported: org.apache.maven.monitor < plexus.core
[DEBUG]   Imported: org.apache.maven.plugin < plexus.core
[DEBUG]   Imported: org.apache.maven.profiles < plexus.core
[DEBUG]   Imported: org.apache.maven.project < plexus.core
[DEBUG]   Imported: org.apache.maven.reporting < plexus.core
[DEBUG]   Imported: org.apache.maven.repository < plexus.core
[DEBUG]   Imported: org.apache.maven.rtinfo < plexus.core
[DEBUG]   Imported: org.apache.maven.settings < plexus.core
[DEBUG]   Imported: org.apache.maven.toolchain < plexus.core
[DEBUG]   Imported: org.apache.maven.usability < plexus.core
[DEBUG]   Imported: org.apache.maven.wagon.* < plexus.core
[DEBUG]   Imported: org.apache.maven.wagon.authentication < plexus.core
[DEBUG]   Imported: org.apache.maven.wagon.authorization < plexus.core
[DEBUG]   Imported: org.apache.maven.wagon.events < plexus.core
[DEBUG]   Imported: org.apache.maven.wagon.observers < plexus.core
[DEBUG]   Imported: org.apache.maven.wagon.proxy < plexus.core
[DEBUG]   Imported: org.apache.maven.wagon.repository < plexus.core
[DEBUG]   Imported: org.apache.maven.wagon.resource < plexus.core
[DEBUG]   Imported: org.codehaus.classworlds < plexus.core
[DEBUG]   Imported: org.codehaus.plexus.* < plexus.core
[DEBUG]   Imported: org.codehaus.plexus.classworlds < plexus.core
[DEBUG]   Imported: org.codehaus.plexus.component < plexus.core
[DEBUG]   Imported: org.codehaus.plexus.configuration < plexus.core
[DEBUG]   Imported: org.codehaus.plexus.container < plexus.core
[DEBUG]   Imported: org.codehaus.plexus.context < plexus.core
[DEBUG]   Imported: org.codehaus.plexus.lifecycle < plexus.core
[DEBUG]   Imported: org.codehaus.plexus.logging < plexus.core
[DEBUG]   Imported: org.codehaus.plexus.personality < plexus.core
[DEBUG]   Imported: org.codehaus.plexus.util.xml.Xpp3Dom < plexus.core
[DEBUG]   Imported: org.codehaus.plexus.util.xml.pull.XmlPullParser < plexus.core
[DEBUG]   Imported: org.codehaus.plexus.util.xml.pull.XmlPullParserException < plexus.core
[DEBUG]   Imported: org.codehaus.plexus.util.xml.pull.XmlSerializer < plexus.core
[DEBUG]   Imported: org.eclipse.aether.* < plexus.core
[DEBUG]   Imported: org.eclipse.aether.artifact < plexus.core
[DEBUG]   Imported: org.eclipse.aether.collection < plexus.core
[DEBUG]   Imported: org.eclipse.aether.deployment < plexus.core
[DEBUG]   Imported: org.eclipse.aether.graph < plexus.core
[DEBUG]   Imported: org.eclipse.aether.impl < plexus.core
[DEBUG]   Imported: org.eclipse.aether.installation < plexus.core
[DEBUG]   Imported: org.eclipse.aether.internal.impl < plexus.core
[DEBUG]   Imported: org.eclipse.aether.metadata < plexus.core
[DEBUG]   Imported: org.eclipse.aether.repository < plexus.core
[DEBUG]   Imported: org.eclipse.aether.resolution < plexus.core
[DEBUG]   Imported: org.eclipse.aether.spi < plexus.core
[DEBUG]   Imported: org.eclipse.aether.transfer < plexus.core
[DEBUG]   Imported: org.eclipse.aether.util < plexus.core
[DEBUG]   Imported: org.eclipse.aether.version < plexus.core
[DEBUG]   Imported: org.fusesource.jansi.* < plexus.core
[DEBUG]   Imported: org.slf4j.* < plexus.core
[DEBUG]   Imported: org.slf4j.event.* < plexus.core
[DEBUG]   Imported: org.slf4j.helpers.* < plexus.core
[DEBUG]   Imported: org.slf4j.spi.* < plexus.core
[DEBUG] Populating class realm maven.api
[DEBUG] Created adapter factory; available factories [file-lock, rwlock-local, semaphore-local, noop]; available name mappers [discriminating, file-gaecv, file-gav, file-hgaecv, file-hgav, file-static, gaecv, gav, static]
[INFO] Error stacktraces are turned on.
[DEBUG] Message scheme: color
[DEBUG] Message styles: debug info warning error success failure strong mojo project
[DEBUG] Reading global settings from /opt/homebrew/Cellar/maven/3.9.12/libexec/conf/settings.xml
[DEBUG] Reading user settings from /Users/alfreddey/.m2/settings.xml
[DEBUG] Reading global toolchains from /opt/homebrew/Cellar/maven/3.9.12/libexec/conf/toolchains.xml
[DEBUG] Reading user toolchains from /Users/alfreddey/.m2/toolchains.xml
[DEBUG] Using local repository at /Users/alfreddey/.m2/repository
[DEBUG] Using manager EnhancedLocalRepositoryManager with priority 10.0 for /Users/alfreddey/.m2/repository
[INFO] Scanning for projects...
[DEBUG] Creating adapter using nameMapper 'gaecv' and factory 'rwlock-local'
[DEBUG] Extension realms for project com.example:demo:jar:0.0.1-SNAPSHOT: (none)
[DEBUG] Looking up lifecycle mappings for packaging jar from ClassRealm[plexus.core, parent: null]
[DEBUG] Extension realms for project org.springframework.boot:spring-boot-starter-parent:pom:4.0.2: (none)
[DEBUG] Looking up lifecycle mappings for packaging pom from ClassRealm[plexus.core, parent: null]
[DEBUG] Extension realms for project org.springframework.boot:spring-boot-dependencies:pom:4.0.2: (none)
[DEBUG] Looking up lifecycle mappings for packaging pom from ClassRealm[plexus.core, parent: null]
[DEBUG] Resolving plugin prefix jacoco from [org.apache.maven.plugins, org.codehaus.mojo]
[DEBUG] Could not find metadata org.springframework.boot/maven-metadata.xml in local (/Users/alfreddey/.m2/repository)
[DEBUG] Skipped remote request for org.springframework.boot/maven-metadata.xml, locally cached metadata up-to-date
[DEBUG] Could not find metadata org.jacoco/maven-metadata.xml in local (/Users/alfreddey/.m2/repository)
[DEBUG] Skipped remote request for org.jacoco/maven-metadata.xml, locally cached metadata up-to-date
[DEBUG] Could not find metadata org.cyclonedx/maven-metadata.xml in local (/Users/alfreddey/.m2/repository)
[DEBUG] Skipped remote request for org.cyclonedx/maven-metadata.xml, locally cached metadata up-to-date
[DEBUG] Could not find metadata org.flywaydb/maven-metadata.xml in local (/Users/alfreddey/.m2/repository)
[DEBUG] Skipped remote request for org.flywaydb/maven-metadata.xml, locally cached metadata up-to-date
[DEBUG] Could not find metadata io.github.git-commit-id/maven-metadata.xml in local (/Users/alfreddey/.m2/repository)
[DEBUG] Skipped remote request for io.github.git-commit-id/maven-metadata.xml, locally cached metadata up-to-date
[DEBUG] Could not find metadata org.jooq/maven-metadata.xml in local (/Users/alfreddey/.m2/repository)
[DEBUG] Skipped remote request for org.jooq/maven-metadata.xml, locally cached metadata up-to-date
[DEBUG] Could not find metadata org.jetbrains.kotlin/maven-metadata.xml in local (/Users/alfreddey/.m2/repository)
[DEBUG] Skipped remote request for org.jetbrains.kotlin/maven-metadata.xml, locally cached metadata up-to-date
[DEBUG] Could not find metadata org.liquibase/maven-metadata.xml in local (/Users/alfreddey/.m2/repository)
[DEBUG] Skipped remote request for org.liquibase/maven-metadata.xml, locally cached metadata up-to-date
[DEBUG] Could not find metadata org.graalvm.buildtools/maven-metadata.xml in local (/Users/alfreddey/.m2/repository)
[DEBUG] Skipped remote request for org.graalvm.buildtools/maven-metadata.xml, locally cached metadata up-to-date
[DEBUG] Could not find metadata org.apache.maven.plugins/maven-metadata.xml in local (/Users/alfreddey/.m2/repository)
[DEBUG] Skipped remote request for org.apache.maven.plugins/maven-metadata.xml, locally cached metadata up-to-date
[DEBUG] Could not find metadata org.codehaus.mojo/maven-metadata.xml in local (/Users/alfreddey/.m2/repository)
[DEBUG] Skipped remote request for org.codehaus.mojo/maven-metadata.xml, locally cached metadata up-to-date
[DEBUG] Resolved plugin prefix jacoco to org.jacoco:jacoco-maven-plugin from repository central
[DEBUG] === REACTOR BUILD PLAN ================================================
[DEBUG] Project: com.example:demo:jar:0.0.1-SNAPSHOT
[DEBUG] Tasks:   [jacoco:report]
[DEBUG] Style:   Regular
[DEBUG] =======================================================================
[INFO] 
[INFO] --------------------------< com.example:demo >--------------------------
[INFO] Building demo 0.0.1-SNAPSHOT
[INFO]   from pom.xml
[INFO] --------------------------------[ jar ]---------------------------------
[DEBUG] Resolving plugin prefix jacoco from [org.apache.maven.plugins, org.codehaus.mojo]
[DEBUG] Could not find metadata org.springframework.boot/maven-metadata.xml in local (/Users/alfreddey/.m2/repository)
[DEBUG] Skipped remote request for org.springframework.boot/maven-metadata.xml, locally cached metadata up-to-date
[DEBUG] Could not find metadata org.jacoco/maven-metadata.xml in local (/Users/alfreddey/.m2/repository)
[DEBUG] Skipped remote request for org.jacoco/maven-metadata.xml, locally cached metadata up-to-date
[DEBUG] Could not find metadata org.cyclonedx/maven-metadata.xml in local (/Users/alfreddey/.m2/repository)
[DEBUG] Skipped remote request for org.cyclonedx/maven-metadata.xml, locally cached metadata up-to-date
[DEBUG] Could not find metadata org.flywaydb/maven-metadata.xml in local (/Users/alfreddey/.m2/repository)
[DEBUG] Skipped remote request for org.flywaydb/maven-metadata.xml, locally cached metadata up-to-date
[DEBUG] Could not find metadata io.github.git-commit-id/maven-metadata.xml in local (/Users/alfreddey/.m2/repository)
[DEBUG] Skipped remote request for io.github.git-commit-id/maven-metadata.xml, locally cached metadata up-to-date
[DEBUG] Could not find metadata org.jooq/maven-metadata.xml in local (/Users/alfreddey/.m2/repository)
[DEBUG] Skipped remote request for org.jooq/maven-metadata.xml, locally cached metadata up-to-date
[DEBUG] Could not find metadata org.jetbrains.kotlin/maven-metadata.xml in local (/Users/alfreddey/.m2/repository)
[DEBUG] Skipped remote request for org.jetbrains.kotlin/maven-metadata.xml, locally cached metadata up-to-date
[DEBUG] Could not find metadata org.liquibase/maven-metadata.xml in local (/Users/alfreddey/.m2/repository)
[DEBUG] Skipped remote request for org.liquibase/maven-metadata.xml, locally cached metadata up-to-date
[DEBUG] Could not find metadata org.graalvm.buildtools/maven-metadata.xml in local (/Users/alfreddey/.m2/repository)
[DEBUG] Skipped remote request for org.graalvm.buildtools/maven-metadata.xml, locally cached metadata up-to-date
[DEBUG] Could not find metadata org.apache.maven.plugins/maven-metadata.xml in local (/Users/alfreddey/.m2/repository)
[DEBUG] Skipped remote request for org.apache.maven.plugins/maven-metadata.xml, locally cached metadata up-to-date
[DEBUG] Could not find metadata org.codehaus.mojo/maven-metadata.xml in local (/Users/alfreddey/.m2/repository)
[DEBUG] Skipped remote request for org.codehaus.mojo/maven-metadata.xml, locally cached metadata up-to-date
[DEBUG] Resolved plugin prefix jacoco to org.jacoco:jacoco-maven-plugin from repository central
[DEBUG] Lifecycle clean -> [pre-clean, clean, post-clean]
[DEBUG] Lifecycle default -> [validate, initialize, generate-sources, process-sources, generate-resources, process-resources, compile, process-classes, generate-test-sources, process-test-sources, generate-test-resources, process-test-resources, test-compile, process-test-classes, test, prepare-package, package, pre-integration-test, integration-test, post-integration-test, verify, install, deploy]
[DEBUG] Lifecycle site -> [pre-site, site, post-site, site-deploy]
[DEBUG] === PROJECT BUILD PLAN ================================================
[DEBUG] Project:       com.example:demo:0.0.1-SNAPSHOT
[DEBUG] Dependencies (collect): []
[DEBUG] Dependencies (resolve): []
[DEBUG] Repositories (dependencies): [central (https://repo.maven.apache.org/maven2, default, releases)]
[DEBUG] Repositories (plugins)     : [central (https://repo.maven.apache.org/maven2, default, releases)]
[DEBUG] -----------------------------------------------------------------------
[DEBUG] Goal:          org.jacoco:jacoco-maven-plugin:0.8.10:report (default-cli)
[DEBUG] Style:         Regular
[DEBUG] Configuration: <?xml version="1.0" encoding="UTF-8"?>
<configuration>
  <dataFile default-value="${project.build.directory}/jacoco.exec">${jacoco.dataFile}</dataFile>
  <formats default-value="HTML,XML,CSV"/>
  <outputDirectory default-value="${project.reporting.outputDirectory}/jacoco"/>
  <outputEncoding default-value="UTF-8">${project.reporting.outputEncoding}</outputEncoding>
  <project>${project}</project>
  <skip default-value="false">${jacoco.skip}</skip>
  <sourceEncoding default-value="UTF-8">${project.build.sourceEncoding}</sourceEncoding>
  <title default-value="${project.name}"/>
</configuration>
[DEBUG] =======================================================================
[INFO] 
[INFO] --- jacoco:0.8.10:report (default-cli) @ demo ---
[DEBUG] Using mirror maven-default-http-blocker (http://0.0.0.0/) for apache.snapshots (http://people.apache.org/repo/m2-snapshot-repository).
[DEBUG] Using mirror maven-default-http-blocker (http://0.0.0.0/) for snapshots (http://snapshots.maven.codehaus.org/maven2).
[DEBUG] Using mirror maven-default-http-blocker (http://0.0.0.0/) for apache.snapshots (http://cvs.apache.org/maven-snapshot-repository).
[DEBUG] Using mirror maven-default-http-blocker (http://0.0.0.0/) for central (http://repo1.maven.org/maven2).
[DEBUG] Using mirror maven-default-http-blocker (http://0.0.0.0/) for codehaus.snapshots (http://snapshots.repository.codehaus.org).
[DEBUG] Using mirror maven-default-http-blocker (http://0.0.0.0/) for apache.snapshots (http://people.apache.org/maven-snapshot-repository).
[DEBUG] Using mirror maven-default-http-blocker (http://0.0.0.0/) for apache.snapshots (http://repository.apache.org/snapshots).
[DEBUG] Dependency collection stats {ConflictMarker.analyzeTime=148375, ConflictMarker.markTime=40750, ConflictMarker.nodeCount=38, ConflictIdSorter.graphTime=86541, ConflictIdSorter.topsortTime=59417, ConflictIdSorter.conflictIdCount=21, ConflictIdSorter.conflictIdCycleCount=0, ConflictResolver.totalTime=962542, ConflictResolver.conflictItemCount=34, DfDependencyCollector.collectTime=38642959, DfDependencyCollector.transformTime=1789083}
[DEBUG] org.jacoco:jacoco-maven-plugin:jar:0.8.10
[DEBUG]    org.codehaus.plexus:plexus-utils:jar:3.0.24:compile
[DEBUG]    org.apache.maven.shared:file-management:jar:1.2.1:compile
[DEBUG]       org.apache.maven:maven-plugin-api:jar:2.0.6:compile
[DEBUG]       org.apache.maven.shared:maven-shared-io:jar:1.1:compile
[DEBUG]          org.apache.maven:maven-artifact:jar:2.0.2:compile
[DEBUG]          org.apache.maven:maven-artifact-manager:jar:2.0.2:compile
[DEBUG]             org.apache.maven:maven-repository-metadata:jar:2.0.2:compile
[DEBUG]          org.apache.maven.wagon:wagon-provider-api:jar:1.0-alpha-6:compile
[DEBUG]       org.codehaus.plexus:plexus-container-default:jar:1.0-alpha-9:compile
[DEBUG]          junit:junit:jar:4.13.1:compile (version managed from default)
[DEBUG]             org.hamcrest:hamcrest-core:jar:1.3:compile
[DEBUG]          classworlds:classworlds:jar:1.1-alpha-2:compile
[DEBUG]    org.apache.maven.reporting:maven-reporting-api:jar:3.0:compile
[DEBUG]       org.apache.maven.doxia:doxia-sink-api:jar:1.0:compile
[DEBUG]    org.jacoco:org.jacoco.agent:jar:runtime:0.8.10:compile
[DEBUG]    org.jacoco:org.jacoco.core:jar:0.8.10:compile
[DEBUG]       org.ow2.asm:asm:jar:9.5:compile (version managed from default)
[DEBUG]       org.ow2.asm:asm-commons:jar:9.5:compile (version managed from default)
[DEBUG]       org.ow2.asm:asm-tree:jar:9.5:compile (version managed from default)
[DEBUG]    org.jacoco:org.jacoco.report:jar:0.8.10:compile
[DEBUG] Created new class realm plugin>org.jacoco:jacoco-maven-plugin:0.8.10
[DEBUG] Importing foreign packages into class realm plugin>org.jacoco:jacoco-maven-plugin:0.8.10
[DEBUG]   Imported:  < maven.api
[DEBUG] Populating class realm plugin>org.jacoco:jacoco-maven-plugin:0.8.10
[DEBUG]   Included: org.jacoco:jacoco-maven-plugin:jar:0.8.10
[DEBUG]   Included: org.codehaus.plexus:plexus-utils:jar:3.0.24
[DEBUG]   Included: org.apache.maven.shared:file-management:jar:1.2.1
[DEBUG]   Included: org.apache.maven.shared:maven-shared-io:jar:1.1
[DEBUG]   Included: junit:junit:jar:4.13.1
[DEBUG]   Included: org.hamcrest:hamcrest-core:jar:1.3
[DEBUG]   Included: org.apache.maven.reporting:maven-reporting-api:jar:3.0
[DEBUG]   Included: org.apache.maven.doxia:doxia-sink-api:jar:1.0
[DEBUG]   Included: org.jacoco:org.jacoco.agent:jar:runtime:0.8.10
[DEBUG]   Included: org.jacoco:org.jacoco.core:jar:0.8.10
[DEBUG]   Included: org.ow2.asm:asm:jar:9.5
[DEBUG]   Included: org.ow2.asm:asm-commons:jar:9.5
[DEBUG]   Included: org.ow2.asm:asm-tree:jar:9.5
[DEBUG]   Included: org.jacoco:org.jacoco.report:jar:0.8.10
[DEBUG] Loading mojo org.jacoco:jacoco-maven-plugin:0.8.10:report from plugin realm ClassRealm[plugin>org.jacoco:jacoco-maven-plugin:0.8.10, parent: jdk.internal.loader.ClassLoaders$AppClassLoader@5bc2b487]
[DEBUG] Configuring mojo execution 'org.jacoco:jacoco-maven-plugin:0.8.10:report:default-cli' with basic configurator -->
[DEBUG]   (f) dataFile = /Users/alfreddey/IdeaProjects/amali/blogging-platform-v3/target/jacoco.exec
[DEBUG]   (f) formats = [HTML, XML, CSV]
[DEBUG]   (f) outputDirectory = /Users/alfreddey/IdeaProjects/amali/blogging-platform-v3/target/site/jacoco
[DEBUG]   (f) outputEncoding = UTF-8
[DEBUG]   (f) project = MavenProject: com.example:demo:0.0.1-SNAPSHOT @ /Users/alfreddey/IdeaProjects/amali/blogging-platform-v3/pom.xml
[DEBUG]   (f) skip = false
[DEBUG]   (f) sourceEncoding = UTF-8
[DEBUG]   (f) title = demo
[DEBUG] -- end configuration --
[INFO] Loading execution data file /Users/alfreddey/IdeaProjects/amali/blogging-platform-v3/target/jacoco.exec
[INFO] Analyzed bundle 'demo' with 31 classes
[INFO] ------------------------------------------------------------------------
[INFO] BUILD SUCCESS
[INFO] ------------------------------------------------------------------------
[INFO] Total time:  0.302 s
[INFO] Finished at: 2026-02-11T20:12:22Z
[INFO] ------------------------------------------------------------------------
[DEBUG] Shutting down adapter factory; available factories [file-lock, rwlock-local, semaphore-local, noop]; available name mappers [discriminating, file-gaecv, file-gav, file-hgaecv, file-hgav, file-static, gaecv, gav, static]
[DEBUG] Shutting down 'file-lock' factory
[DEBUG] Shutting down 'rwlock-local' factory
[DEBUG] Shutting down 'semaphore-local' factory
[DEBUG] Shutting down 'noop' factory
